// Jest Snapshot v1, https://goo.gl/fbAQLP

exports[`Coins renders correctly 1`] = `
ShallowWrapper {
  "length": 1,
  Symbol(enzyme.__root__): [Circular],
  Symbol(enzyme.__unrendered__): <Coins
    balance={10}
    bitcoin={Object {}}
/>,
  Symbol(enzyme.__renderer__): Object {
    "batchedUpdates": [Function],
    "getNode": [Function],
    "render": [Function],
    "simulateEvent": [Function],
    "unmount": [Function],
  },
  Symbol(enzyme.__node__): Object {
    "instance": null,
    "key": undefined,
    "nodeType": "host",
    "props": Object {
      "children": Array [
        <h3
          className="bitcoin-balance"
>
          Bitcoin: 
          
</h3>,
        <h3
          className="ethereum-balance"
>
          Ethereum: 
          
</h3>,
      ],
    },
    "ref": null,
    "rendered": Array [
      Object {
        "instance": null,
        "key": undefined,
        "nodeType": "host",
        "props": Object {
          "children": Array [
            "Bitcoin: ",
            "",
          ],
          "className": "bitcoin-balance",
        },
        "ref": null,
        "rendered": Array [
          "Bitcoin: ",
          "",
        ],
        "type": "h3",
      },
      Object {
        "instance": null,
        "key": undefined,
        "nodeType": "host",
        "props": Object {
          "children": Array [
            "Ethereum: ",
            "",
          ],
          "className": "ethereum-balance",
        },
        "ref": null,
        "rendered": Array [
          "Ethereum: ",
          "",
        ],
        "type": "h3",
      },
    ],
    "type": "div",
  },
  Symbol(enzyme.__nodes__): Array [
    Object {
      "instance": null,
      "key": undefined,
      "nodeType": "host",
      "props": Object {
        "children": Array [
          <h3
            className="bitcoin-balance"
>
            Bitcoin: 
            
</h3>,
          <h3
            className="ethereum-balance"
>
            Ethereum: 
            
</h3>,
        ],
      },
      "ref": null,
      "rendered": Array [
        Object {
          "instance": null,
          "key": undefined,
          "nodeType": "host",
          "props": Object {
            "children": Array [
              "Bitcoin: ",
              "",
            ],
            "className": "bitcoin-balance",
          },
          "ref": null,
          "rendered": Array [
            "Bitcoin: ",
            "",
          ],
          "type": "h3",
        },
        Object {
          "instance": null,
          "key": undefined,
          "nodeType": "host",
          "props": Object {
            "children": Array [
              "Ethereum: ",
              "",
            ],
            "className": "ethereum-balance",
          },
          "ref": null,
          "rendered": Array [
            "Ethereum: ",
            "",
          ],
          "type": "h3",
        },
      ],
      "type": "div",
    },
  ],
  Symbol(enzyme.__options__): Object {
    "adapter": ReactSixteenAdapter {
      "options": Object {
        "enableComponentDidUpdateOnSetState": true,
      },
    },
    "disableLifecycleMethods": true,
  },
}
`;
